[sites.google.com/view/lightspeedfiltersucks.html]
[backblue.gif]
[fade.gif]
[index.html]
[ssl.gstatic.com/atari/images/simple-header-blended-small.png]
[apis.google.com/js/clientc932.js]
[sites.google.com/view/lightspeedfiltersucks/home.html]
[sites.google.com/view/lightspeedfiltersucks/home/report-a-problem-or-request-a-game.html]
[sites.google.com/view/lightspeedfiltersucks/home/popular-games.html]
[sites.google.com/view/lightspeedfiltersucks/home/tos.html]
[sites.google.com/view/lightspeedfiltersucks/home/this-site-knows-everything.html]
[sites.google.com/view/lightspeedfiltersucks/home/partners.html]
[sites.google.com/view/lightspeedfiltersucks/home/anonymous-mode.html]
[sites.google.com/view/lightspeedfiltersucks/tools/teacher-watch.html]
[sites.google.com/view/lightspeedfiltersucks/just-fall-io.html]
[sites.google.com/view/lightspeedfiltersucks/roblox-obby.html]
[sites.google.com/view/lightspeedfiltersucks/clash-of-clans.html]
[sites.google.com/view/lightspeedfiltersucks/brawl-stars.html]
[sites.google.com/view/lightspeedfiltersucks/fortnite.html]
[sites.google.com/view/lightspeedfiltersucks/super-mario-bros-3.html]
[sites.google.com/view/lightspeedfiltersucks/pokémon-sapphire.html]
[sites.google.com/view/lightspeedfiltersucks/1v1-lol.html]
[sites.google.com/view/lightspeedfiltersucks/apple-worm.html]
[sites.google.com/view/lightspeedfiltersucks/angry-birds.html]
[sites.google.com/view/lightspeedfiltersucks/drift-hunters.html]
[sites.google.com/view/lightspeedfiltersucks/bloons-td-series/bloons-td-1.html]
[sites.google.com/view/lightspeedfiltersucks/bloons-td-series/bloons-td-2.html]
[sites.google.com/view/lightspeedfiltersucks/bloons-td-series/bloons-td-3.html]
[sites.google.com/view/lightspeedfiltersucks/bloons-td-series/bloons-td-4.html]
[sites.google.com/view/lightspeedfiltersucks/bloons-td-series/bloons-td-5.html]
[sites.google.com/view/lightspeedfiltersucks/ball-dodge.html]
[sites.google.com/view/lightspeedfiltersucks/osu-walmart-edition.html]
[sites.google.com/view/lightspeedfiltersucks/retro-bowl.html]
[sites.google.com/view/lightspeedfiltersucks/gun-mayhem-2.html]
[sites.google.com/view/lightspeedfiltersucks/tiny-fishing.html]
[sites.google.com/view/lightspeedfiltersucks/incredibox.html]
[sites.google.com/view/lightspeedfiltersucks/google.html]
[sites.google.com/view/lightspeedfiltersucks/u-will-go-bye-bye-if-u-click.html]
[sites.google.com/view/lightspeedfiltersucks/getaway-shootout.html]
[sites.google.com/view/lightspeedfiltersucks/snowrider.html]
[sites.google.com/view/lightspeedfiltersucks/table-tennis.html]
[sites.google.com/view/lightspeedfiltersucks/taming-io.html]
[sites.google.com/view/lightspeedfiltersucks/guide-the-pyramid.html]
[sites.google.com/view/lightspeedfiltersucks/alien-cubes.html]
[sites.google.com/view/lightspeedfiltersucks/towers-of-color.html]
[sites.google.com/view/lightspeedfiltersucks/run-9.html]
[sites.google.com/view/lightspeedfiltersucks/orbit-dash.html]
[sites.google.com/view/lightspeedfiltersucks/head-soccer.html]
[sites.google.com/view/lightspeedfiltersucks/x-trench-run.html]
[sites.google.com/view/lightspeedfiltersucks/obstacle-race.html]
[sites.google.com/view/lightspeedfiltersucks/cube-form.html]
[sites.google.com/view/lightspeedfiltersucks/maze-control.html]
[sites.google.com/view/lightspeedfiltersucks/rainbow-tower.html]
[sites.google.com/view/lightspeedfiltersucks/match-key.html]
[sites.google.com/view/lightspeedfiltersucks/happy-glass-4.html]
[sites.google.com/view/lightspeedfiltersucks/neon-rocket.html]
[sites.google.com/view/lightspeedfiltersucks/drift-to-the-right.html]
[sites.google.com/view/lightspeedfiltersucks/coolmathgamesunblocked.html]
[sites.google.com/view/lightspeedfiltersucks/little-alchemy-unblocked.html]
[sites.google.com/view/lightspeedfiltersucks/brotato.html]
[sites.google.com/view/lightspeedfiltersucks/1v1-lol-3-0.html]
[sites.google.com/view/lightspeedfiltersucks/steam-for-chromebook.html]
[sites.google.com/view/lightspeedfiltersucks/duck-lifes/duck-life-1.html]
[sites.google.com/view/lightspeedfiltersucks/duck-lifes/duck-life-2-world-champion.html]
[sites.google.com/view/lightspeedfiltersucks/duck-lifes/duck-life-3-evolution.html]
[sites.google.com/view/lightspeedfiltersucks/duck-lifes/duck-life-4.html]
[sites.google.com/view/lightspeedfiltersucks/snapchat.html]
[sites.google.com/view/lightspeedfiltersucks/nb-browser.html]
[sites.google.com/view/lightspeedfiltersucks/people-playground.html]
[sites.google.com/view/lightspeedfiltersucks/among-us.html]
[sites.google.com/view/lightspeedfiltersucks/rocket-league.html]
[sites.google.com/view/lightspeedfiltersucks/plague-inc.html]
[sites.google.com/view/lightspeedfiltersucks/stumble-guys.html]
[sites.google.com/view/lightspeedfiltersucks/chatgpt.html]
[sites.google.com/view/lightspeedfiltersucks/roblox.html]
[sites.google.com/view/lightspeedfiltersucks/ea-sports.html]
[sites.google.com/view/lightspeedfiltersucks/madden.html]
[sites.google.com/view/lightspeedfiltersucks/every-second.html]
[sites.google.com/view/lightspeedfiltersucks/agar-io/agar-io.html]
[sites.google.com/view/lightspeedfiltersucks/agar-io/agar-io-full-screen.html]
[sites.google.com/view/lightspeedfiltersucks/ovo.html]
[sites.google.com/view/lightspeedfiltersucks/dont-click-in-class.html]
[sites.google.com/view/lightspeedfiltersucks/mr-bullet.html]
[sites.google.com/view/lightspeedfiltersucks/death-run-3d.html]
[sites.google.com/view/lightspeedfiltersucks/wordle-solver.html]
[sites.google.com/view/lightspeedfiltersucks/ragdoll-io.html]
[sites.google.com/view/lightspeedfiltersucks/draw.html]
[sites.google.com/view/lightspeedfiltersucks/tomb-of-the-mask.html]
[sites.google.com/view/lightspeedfiltersucks/redbad.html]
[sites.google.com/view/lightspeedfiltersucks/house-of-hazards.html]
[sites.google.com/view/lightspeedfiltersucks/this-site-is-sleeping.html]
[sites.google.com/view/lightspeedfiltersucks/snakedeath.html]
[sites.google.com/view/lightspeedfiltersucks/dots-and-boxes.html]
[sites.google.com/view/lightspeedfiltersucks/the-solar-system.html]
[sites.google.com/view/lightspeedfiltersucks/got-rhythm.html]
[sites.google.com/view/lightspeedfiltersucks/slap.html]
[sites.google.com/view/lightspeedfiltersucks/orb.html]
[sites.google.com/view/lightspeedfiltersucks/johnny-trigger.html]
[sites.google.com/view/lightspeedfiltersucks/vex-series/vex-1.html]
[sites.google.com/view/lightspeedfiltersucks/vex-series/vex-3.html]
[sites.google.com/view/lightspeedfiltersucks/vex-series/vex-4.html]
[sites.google.com/view/lightspeedfiltersucks/vex-series/vex-5.html]
[sites.google.com/view/lightspeedfiltersucks/vex-series/vex-6.html]
[sites.google.com/view/lightspeedfiltersucks/vex-series/vex-7.html]
[sites.google.com/view/lightspeedfiltersucks/acid-rain.html]
[sites.google.com/view/lightspeedfiltersucks/uno.html]
[sites.google.com/view/lightspeedfiltersucks/car-drawing.html]
[sites.google.com/view/lightspeedfiltersucks/2-player-slope.html]
[sites.google.com/view/lightspeedfiltersucks/ball-blaster.html]
[sites.google.com/view/lightspeedfiltersucks/space-bar-clicker-hacks.html]
[sites.google.com/view/lightspeedfiltersucks/bad-time-simulator.html]
[sites.google.com/view/lightspeedfiltersucks/learn-2-fly.html]
[sites.google.com/view/lightspeedfiltersucks/learn-2-fly-idle.html]
[sites.google.com/view/lightspeedfiltersucks/fifa24-pack-opener.html]
[sites.google.com/view/lightspeedfiltersucks/bacon-may-die.html]
[sites.google.com/view/lightspeedfiltersucks/banana-clicker.html]
[sites.google.com/view/lightspeedfiltersucks/quick-draw.html]
[sites.google.com/view/lightspeedfiltersucks/tetris-amplified-physics.html]
[sites.google.com/view/lightspeedfiltersucks/magic-tiles-3.html]
[sites.google.com/view/lightspeedfiltersucks/flappy-dunk.html]
[sites.google.com/view/lightspeedfiltersucks/drop-the-number.html]
[sites.google.com/view/lightspeedfiltersucks/2048.html]
[sites.google.com/view/lightspeedfiltersucks/paper-plane.html]
[sites.google.com/view/lightspeedfiltersucks/google-snake.html]
[sites.google.com/view/lightspeedfiltersucks/only-upscratch-edition.html]
[sites.google.com/view/lightspeedfiltersucks/basketball-stars.html]
[sites.google.com/view/lightspeedfiltersucks/paper-io.html]
[sites.google.com/view/lightspeedfiltersucks/dino-game.html]
[sites.google.com/view/lightspeedfiltersucks/chess.html]
[sites.google.com/view/lightspeedfiltersucks/8-ball.html]
[sites.google.com/view/lightspeedfiltersucks/traffic-run.html]
[sites.google.com/view/lightspeedfiltersucks/helix-jump.html]
[sites.google.com/view/lightspeedfiltersucks/happy-glass.html]
[sites.google.com/view/lightspeedfiltersucks/tabssteam.html]
[sites.google.com/view/lightspeedfiltersucks/truck-sim.html]
[sites.google.com/view/lightspeedfiltersucks/block-the-pig.html]
[sites.google.com/view/lightspeedfiltersucks/2048-cupcakes.html]
[sites.google.com/view/lightspeedfiltersucks/temple-run.html]
[sites.google.com/view/lightspeedfiltersucks/stunt-cars.html]
[sites.google.com/view/lightspeedfiltersucks/drive-mad.html]
[sites.google.com/view/lightspeedfiltersucks/ball-physics-playground.html]
[sites.google.com/view/lightspeedfiltersucks/flappy-bird.html]
[sites.google.com/view/lightspeedfiltersucks/stickman-climb.html]
[sites.google.com/view/lightspeedfiltersucks/there-is-no-gamesound-on.html]
[sites.google.com/view/lightspeedfiltersucks/stick-merge.html]
[sites.google.com/view/lightspeedfiltersucks/apple-shooter.html]
[sites.google.com/view/lightspeedfiltersucks/tower-break.html]
[sites.google.com/view/lightspeedfiltersucks/tunnel-run-paid.html]
[sites.google.com/view/lightspeedfiltersucks/doodlejump-io.html]
[sites.google.com/view/lightspeedfiltersucks/drift-boss.html]
[sites.google.com/view/lightspeedfiltersucks/neon-swing.html]
[sites.google.com/view/lightspeedfiltersucks/geometry-dash.html]
[sites.google.com/view/lightspeedfiltersucks/hole-io.html]
[sites.google.com/view/lightspeedfiltersucks/slope-io.html]
[sites.google.com/view/lightspeedfiltersucks/elastic-face.html]
[sites.google.com/view/lightspeedfiltersucks/soccer-skills-world-cup.html]
[sites.google.com/view/lightspeedfiltersucks/axis-football-league.html]
[sites.google.com/view/lightspeedfiltersucks/snake-io.html]
[sites.google.com/view/lightspeedfiltersucks/pixel-shooter.html]
[sites.google.com/view/lightspeedfiltersucks/best-game-ever.html]
[sites.google.com/view/lightspeedfiltersucks/candy-crush.html]
[sites.google.com/view/lightspeedfiltersucks/mouth-choir.html]
[sites.google.com/view/lightspeedfiltersucks/cookie-clicker.html]
[sites.google.com/view/lightspeedfiltersucks/bitlife.html]
[sites.google.com/view/lightspeedfiltersucks/run-paid.html]
[sites.google.com/view/lightspeedfiltersucks/snowball-io.html]
[sites.google.com/view/lightspeedfiltersucks/super-hot-fixed.html]
[sites.google.com/view/lightspeedfiltersucks/spiral-roll.html]
[sites.google.com/view/lightspeedfiltersucks/mario/unfair-mario.html]
[sites.google.com/view/lightspeedfiltersucks/mario/super-mario-bros.html]
[sites.google.com/view/lightspeedfiltersucks/game-request.html]
[sites.google.com/view/lightspeedfiltersucks/game-request/report-a-problem.html]
[sites.google.com/view/lightspeedfiltersucks/acid-bunny.html]
[sites.google.com/view/lightspeedfiltersucks/run-2.html]
[sites.google.com/view/lightspeedfiltersucks/impossible-quiz.html]
[sites.google.com/view/lightspeedfiltersucks/moto-x3m.html]
[sites.google.com/view/lightspeedfiltersucks/curve-ball.html]
[sites.google.com/view/lightspeedfiltersucks.html]
[sites.google.com/view/lightspeedfiltersucks/_https_/www.stat-counter.org/count/fd7q___/script__br_.b2.delayed]
[sites.google.com/view/lightspeedfiltersucks/'https_/www.acadoo.de/'_Bachelorarbeit.b3.delayed]
[sites.google.com/view/lightspeedfiltersucks/'https_/www.whomania.com/ctr.b4a2af.delayed]
[sites.google.com/view/lightspeedfiltersucks/_https_/www.youtube.com/embed/SYAqYIDEtR8.b563f8.delayed]
[sites.google.com/view/lightspeedfiltersucks/home.html]
[sites.google.com/view/lightspeedfiltersucks/home/report-a-problem-or-request-a-game.html]
[sites.google.com/view/lightspeedfiltersucks/home/popular-games.html]
[sites.google.com/view/lightspeedfiltersucks/home/_https_/docs.google.com/document/export.b64fbb.delayed]
[sites.google.com/view/lightspeedfiltersucks/home/tos.html]
[sites.google.com/view/lightspeedfiltersucks/home/_https_/cdnjs.cloudflare.com/ajax/libs/jquery/3.6.0/jquery.min.js___/script_.b7.delayed]
[sites.google.com/view/lightspeedfiltersucks/home/this-site-knows-everything.html]
[sites.google.com/view/lightspeedfiltersucks/home/partners.html]
[sites.google.com/view/lightspeedfiltersucks/home/_https_/www.soraappp.b8.delayed]
[sites.google.com/view/lightspeedfiltersucks/home/anonymous-mode.html]
[sites.google.com/view/lightspeedfiltersucks/tools/teacher-watch.html]
[sites.google.com/view/lightspeedfiltersucks/_https_/images-opensocial.googleusercontent.com/gadgets/ifr.b947c9.delayed]
[sites.google.com/view/lightspeedfiltersucks/just-fall-io.html]
[sites.google.com/view/lightspeedfiltersucks/roblox-obby.html]
[sites.google.com/view/lightspeedfiltersucks/clash-of-clans.html]
[sites.google.com/view/lightspeedfiltersucks/brawl-stars.html]
[sites.google.com/view/lightspeedfiltersucks/_https_/wakawaka.pakasak.ba.delayed]
[sites.google.com/view/lightspeedfiltersucks/fortnite.html]
[sites.google.com/view/lightspeedfiltersucks/super-mario-bros-3.html]
[sites.google.com/view/lightspeedfiltersucks/pokémon-sapphire.html]
[sites.google.com/view/lightspeedfiltersucks/1v1-lol.html]
[sites.google.com/view/lightspeedfiltersucks/apple-worm.html]
[sites.google.com/view/lightspeedfiltersucks/angry-birds.html]
[sites.google.com/view/lightspeedfiltersucks/drift-hunters.html]
[sites.google.com/view/lightspeedfiltersucks/bloons-td-series/bloons-td-1.html]
[sites.google.com/view/lightspeedfiltersucks/bloons-td-series/bloons-td-2.html]
[sites.google.com/view/lightspeedfiltersucks/bloons-td-series/bloons-td-3.html]
[sites.google.com/view/lightspeedfiltersucks/bloons-td-series/bloons-td-4.html]
[sites.google.com/view/lightspeedfiltersucks/bloons-td-series/bloons-td-5.html]
[sites.google.com/view/lightspeedfiltersucks/ball-dodge.html]
[sites.google.com/view/lightspeedfiltersucks/osu-walmart-edition.html]
[sites.google.com/view/lightspeedfiltersucks/retro-bowl.html]
[sites.google.com/view/lightspeedfiltersucks/gun-mayhem-2.html]
[sites.google.com/view/lightspeedfiltersucks/tiny-fishing.html]
[sites.google.com/view/lightspeedfiltersucks/incredibox.html]
[sites.google.com/view/lightspeedfiltersucks/_https_/art.playasian.com/embed.bb72e7.delayed]
[sites.google.com/view/lightspeedfiltersucks/google.html]
[sites.google.com/view/lightspeedfiltersucks/_https_/182exe.xyz/jam_.bc.delayed]
[sites.google.com/view/lightspeedfiltersucks/u-will-go-bye-bye-if-u-click.html]
[sites.google.com/view/lightspeedfiltersucks/getaway-shootout.html]
[sites.google.com/view/lightspeedfiltersucks/snowrider.html]
[sites.google.com/view/lightspeedfiltersucks/table-tennis.html]
[sites.google.com/view/lightspeedfiltersucks/taming-io.html]
[sites.google.com/view/lightspeedfiltersucks/guide-the-pyramid.html]
[sites.google.com/view/lightspeedfiltersucks/alien-cubes.html]
[sites.google.com/view/lightspeedfiltersucks/towers-of-color.html]
[sites.google.com/view/lightspeedfiltersucks/run-9.html]
[sites.google.com/view/lightspeedfiltersucks/orbit-dash.html]
[sites.google.com/view/lightspeedfiltersucks/head-soccer.html]
[sites.google.com/view/lightspeedfiltersucks/x-trench-run.html]
[sites.google.com/view/lightspeedfiltersucks/obstacle-race.html]
[sites.google.com/view/lightspeedfiltersucks/cube-form.html]
[sites.google.com/view/lightspeedfiltersucks/maze-control.html]
[sites.google.com/view/lightspeedfiltersucks/rainbow-tower.html]
[sites.google.com/view/lightspeedfiltersucks/match-key.html]
[sites.google.com/view/lightspeedfiltersucks/happy-glass-4.html]
[sites.google.com/view/lightspeedfiltersucks/neon-rocket.html]
[sites.google.com/view/lightspeedfiltersucks/drift-to-the-right.html]
[sites.google.com/view/lightspeedfiltersucks/coolmathgamesunblocked.html]
[sites.google.com/view/lightspeedfiltersucks/little-alchemy-unblocked.html]
[sites.google.com/view/lightspeedfiltersucks/brotato.html]
[sites.google.com/view/lightspeedfiltersucks/1v1-lol-3-0.html]
[sites.google.com/view/lightspeedfiltersucks/steam-for-chromebook.html]
[sites.google.com/view/lightspeedfiltersucks/duck-lifes/_https_/images-opensocial.googleusercontent.com/gadgets/ifr.bd7352.delayed]
[sites.google.com/view/lightspeedfiltersucks/duck-lifes/duck-life-1.html]
[sites.google.com/view/lightspeedfiltersucks/duck-lifes/_https_/images-opensocial.googleusercontent.com/gadgets/ifr.bec9cc.delayed]
[sites.google.com/view/lightspeedfiltersucks/duck-lifes/duck-life-2-world-champion.html]
[sites.google.com/view/lightspeedfiltersucks/duck-lifes/_https_/images-opensocial.googleusercontent.com/gadgets/ifr.bf77e7.delayed]
[sites.google.com/view/lightspeedfiltersucks/duck-lifes/duck-life-3-evolution.html]
[sites.google.com/view/lightspeedfiltersucks/duck-lifes/_https_/images-opensocial.googleusercontent.com/gadgets/ifr.c067b6.delayed]
[sites.google.com/view/lightspeedfiltersucks/duck-lifes/duck-life-4.html]
[sites.google.com/view/lightspeedfiltersucks/snapchat.html]
[sites.google.com/view/lightspeedfiltersucks/nb-browser.html]
[sites.google.com/view/lightspeedfiltersucks/people-playground.html]
[sites.google.com/view/lightspeedfiltersucks/among-us.html]
[sites.google.com/view/lightspeedfiltersucks/rocket-league.html]
[sites.google.com/view/lightspeedfiltersucks/plague-inc.html]
[sites.google.com/view/lightspeedfiltersucks/stumble-guys.html]
[sites.google.com/view/lightspeedfiltersucks/_https_/sdk.vercel.ai/_;.c1.delayed]
[sites.google.com/view/lightspeedfiltersucks/chatgpt.html]
[sites.google.com/view/lightspeedfiltersucks/roblox.html]
[sites.google.com/view/lightspeedfiltersucks/ea-sports.html]
[sites.google.com/view/lightspeedfiltersucks/madden.html]
[sites.google.com/view/lightspeedfiltersucks/every-second.html]
[sites.google.com/view/lightspeedfiltersucks/agar-io/_https_/images-opensocial.googleusercontent.com/gadgets/ifr.c214ba.delayed]
[sites.google.com/view/lightspeedfiltersucks/agar-io/agar-io.html]
[sites.google.com/view/lightspeedfiltersucks/agar-io/__.c3.delayed]
[sites.google.com/view/lightspeedfiltersucks/agar-io/_https_/images-opensocial.googleusercontent.com/gadgets/ifr.c4a12e.delayed]
[sites.google.com/view/lightspeedfiltersucks/agar-io/agar-io-full-screen.html]
[sites.google.com/view/lightspeedfiltersucks/ovo.html]
[sites.google.com/view/lightspeedfiltersucks/_https_/www.youtube.com/iframe_api___/script_.c5.delayed]
[sites.google.com/view/lightspeedfiltersucks/dont-click-in-class.html]
[sites.google.com/view/lightspeedfiltersucks/mr-bullet.html]
[sites.google.com/view/lightspeedfiltersucks/death-run-3d.html]
[sites.google.com/view/lightspeedfiltersucks/wordle-solver.html]
[sites.google.com/view/lightspeedfiltersucks/ragdoll-io.html]
[sites.google.com/view/lightspeedfiltersucks/draw.html]
[sites.google.com/view/lightspeedfiltersucks/tomb-of-the-mask.html]
[sites.google.com/view/lightspeedfiltersucks/_https_/codepen.io/Me-Mee/embed/VwgyZag.c6aa4c.delayed]
[sites.google.com/view/lightspeedfiltersucks/'https_/codepen.io/Me-Mee/pen/VwgyZag'_here_/a_.c7.delayed]
[sites.google.com/view/lightspeedfiltersucks/redbad.html]
[sites.google.com/view/lightspeedfiltersucks/house-of-hazards.html]
[sites.google.com/view/lightspeedfiltersucks/this-site-is-sleeping.html]
[sites.google.com/view/lightspeedfiltersucks/snakedeath.html]
[sites.google.com/view/lightspeedfiltersucks/_https_/dotsandboxes.c8.delayed]
[sites.google.com/view/lightspeedfiltersucks/dots-and-boxes.html]
[sites.google.com/view/lightspeedfiltersucks/the-solar-system.html]
[sites.google.com/view/lightspeedfiltersucks/got-rhythm.html]
[sites.google.com/view/lightspeedfiltersucks/slap.html]
[sites.google.com/view/lightspeedfiltersucks/orb.html]
[sites.google.com/view/lightspeedfiltersucks/johnny-trigger.html]
[sites.google.com/view/lightspeedfiltersucks/vex-series/vex-1.html]
[sites.google.com/view/lightspeedfiltersucks/vex-series/vex-3.html]
[sites.google.com/view/lightspeedfiltersucks/vex-series/vex-4.html]
[sites.google.com/view/lightspeedfiltersucks/vex-series/vex-5.html]
[sites.google.com/view/lightspeedfiltersucks/vex-series/vex-6.html]
[sites.google.com/view/lightspeedfiltersucks/vex-series/vex-7.html]
[sites.google.com/view/lightspeedfiltersucks/acid-rain.html]
[sites.google.com/view/lightspeedfiltersucks/uno.html]
[sites.google.com/view/lightspeedfiltersucks/car-drawing.html]
[sites.google.com/view/lightspeedfiltersucks/2-player-slope.html]
[sites.google.com/view/lightspeedfiltersucks/ball-blaster.html]
[sites.google.com/view/lightspeedfiltersucks/_.c9.delayed]
[sites.google.com/view/lightspeedfiltersucks/space-bar-clicker-hacks.html]
[sites.google.com/view/lightspeedfiltersucks/bad-time-simulator.html]
[sites.google.com/view/lightspeedfiltersucks/learn-2-fly.html]
[sites.google.com/view/lightspeedfiltersucks/learn-2-fly-idle.html]
[sites.google.com/view/lightspeedfiltersucks/fifa24-pack-opener.html]
[sites.google.com/view/lightspeedfiltersucks/bacon-may-die.html]
[sites.google.com/view/lightspeedfiltersucks/banana-clicker.html]
[sites.google.com/view/lightspeedfiltersucks/_https_/quickdraw.withgoogle.ca.delayed]
[sites.google.com/view/lightspeedfiltersucks/quick-draw.html]
[sites.google.com/view/lightspeedfiltersucks/tetris-amplified-physics.html]
[sites.google.com/view/lightspeedfiltersucks/magic-tiles-3.html]
[sites.google.com/view/lightspeedfiltersucks/flappy-dunk.html]
[sites.google.com/view/lightspeedfiltersucks/drop-the-number.html]
[sites.google.com/view/lightspeedfiltersucks/2048.html]
[sites.google.com/view/lightspeedfiltersucks/paper-plane.html]
[sites.google.com/view/lightspeedfiltersucks/google-snake.html]
[sites.google.com/view/lightspeedfiltersucks/only-upscratch-edition.html]
[sites.google.com/view/lightspeedfiltersucks/basketball-stars.html]
[sites.google.com/view/lightspeedfiltersucks/paper-io.html]
[sites.google.com/view/lightspeedfiltersucks/dino-game.html]
[sites.google.com/view/lightspeedfiltersucks/chess.html]
[sites.google.com/view/lightspeedfiltersucks/8-ball.html]
[sites.google.com/view/lightspeedfiltersucks/traffic-run.html]
[sites.google.com/view/lightspeedfiltersucks/helix-jump.html]
[sites.google.com/view/lightspeedfiltersucks/happy-glass.html]
[sites.google.com/view/lightspeedfiltersucks/tabssteam.html]
[sites.google.com/view/lightspeedfiltersucks/truck-sim.html]
[sites.google.com/view/lightspeedfiltersucks/block-the-pig.html]
[sites.google.com/view/lightspeedfiltersucks/2048-cupcakes.html]
[sites.google.com/view/lightspeedfiltersucks/temple-run.html]
[sites.google.com/view/lightspeedfiltersucks/stunt-cars.html]
[sites.google.com/view/lightspeedfiltersucks/drive-mad.html]
[sites.google.com/view/lightspeedfiltersucks/ball-physics-playground.html]
[sites.google.com/view/lightspeedfiltersucks/flappy-bird.html]
[sites.google.com/view/lightspeedfiltersucks/stickman-climb.html]
[sites.google.com/view/lightspeedfiltersucks/there-is-no-gamesound-on.html]
[sites.google.com/view/lightspeedfiltersucks/stick-merge.html]
[sites.google.com/view/lightspeedfiltersucks/apple-shooter.html]
[sites.google.com/view/lightspeedfiltersucks/tower-break.html]
[sites.google.com/view/lightspeedfiltersucks/tunnel-run-paid.html]
[sites.google.com/view/lightspeedfiltersucks/doodlejump-io.html]
[sites.google.com/view/lightspeedfiltersucks/drift-boss.html]
[sites.google.com/view/lightspeedfiltersucks/neon-swing.html]
[sites.google.com/view/lightspeedfiltersucks/geometry-dash.html]
[sites.google.com/view/lightspeedfiltersucks/hole-io.html]
[sites.google.com/view/lightspeedfiltersucks/slope-io.html]
[sites.google.com/view/lightspeedfiltersucks/elastic-face.html]
[sites.google.com/view/lightspeedfiltersucks/soccer-skills-world-cup.html]
[sites.google.com/view/lightspeedfiltersucks/axis-football-league.html]
[sites.google.com/view/lightspeedfiltersucks/snake-io.html]
[sites.google.com/view/lightspeedfiltersucks/pixel-shooter.html]
[sites.google.com/view/lightspeedfiltersucks/best-game-ever.html]
[sites.google.com/view/lightspeedfiltersucks/candy-crush.html]
[sites.google.com/view/lightspeedfiltersucks/mouth-choir.html]
[sites.google.com/view/lightspeedfiltersucks/cookie-clicker.html]
[sites.google.com/view/lightspeedfiltersucks/bitlife.html]
[sites.google.com/view/lightspeedfiltersucks/run-paid.html]
[sites.google.com/view/lightspeedfiltersucks/snowball-io.html]
[sites.google.com/view/lightspeedfiltersucks/_https_/images-opensocial.googleusercontent.com/gadgets/ifr.cb158a.delayed]
[sites.google.com/view/lightspeedfiltersucks/super-hot-fixed.html]
[sites.google.com/view/lightspeedfiltersucks/spiral-roll.html]
[sites.google.com/view/lightspeedfiltersucks/mario/unfair-mario.html]
[sites.google.com/view/lightspeedfiltersucks/mario/super-mario-bros.html]
[sites.google.com/view/lightspeedfiltersucks/game-request.html]
[sites.google.com/view/lightspeedfiltersucks/game-request/report-a-problem.html]
[sites.google.com/view/lightspeedfiltersucks/acid-bunny.html]
[sites.google.com/view/lightspeedfiltersucks/run-2.html]
[sites.google.com/view/lightspeedfiltersucks/impossible-quiz.html]
[sites.google.com/view/lightspeedfiltersucks/moto-x3m.html]
[sites.google.com/view/lightspeedfiltersucks/curve-ball.html]
[sites.google.com/view/lightspeedfiltersucks/_https_/www.stat-counter.org/count/fd7q___/script__br_.html]
[sites.google.com/view/lightspeedfiltersucks/'https_/www.acadoo.de/'_Bachelorarbeit.html]
[sites.google.com/view/lightspeedfiltersucks/'https_/www.whomania.com/ctra2af.html]
[sites.google.com/view/lightspeedfiltersucks/_https_/www.youtube.com/embed/SYAqYIDEtR863f8.html]
[sites.google.com/view/lightspeedfiltersucks/home/_https_/docs.google.com/document/export4fbb.html]
[sites.google.com/view/lightspeedfiltersucks/home/_https_/cdnjs.cloudflare.com/ajax/libs/jquery/3.6.0/jquery.min.js___/script_.html]
[sites.google.com/view/lightspeedfiltersucks/home/_https_/www.soraappp.html]
[sites.google.com/view/lightspeedfiltersucks/_https_/images-opensocial.googleusercontent.com/gadgets/ifr47c9.html]
[sites.google.com/view/lightspeedfiltersucks/_https_/wakawaka.pakasak.html]
[sites.google.com/view/lightspeedfiltersucks/_https_/art.playasian.com/embed72e7.html]
[sites.google.com/view/lightspeedfiltersucks/_https_/182exe.xyz/jam_.html]
[sites.google.com/view/lightspeedfiltersucks/duck-lifes/_https_/images-opensocial.googleusercontent.com/gadgets/ifr7352.html]
[sites.google.com/view/lightspeedfiltersucks/duck-lifes/_https_/images-opensocial.googleusercontent.com/gadgets/ifrc9cc.html]
[sites.google.com/view/lightspeedfiltersucks/duck-lifes/_https_/images-opensocial.googleusercontent.com/gadgets/ifr77e7.html]
[sites.google.com/view/lightspeedfiltersucks/duck-lifes/_https_/images-opensocial.googleusercontent.com/gadgets/ifr67b6.html]
[sites.google.com/view/lightspeedfiltersucks/_https_/sdk.vercel.ai/_;.html]
[sites.google.com/view/lightspeedfiltersucks/agar-io/_https_/images-opensocial.googleusercontent.com/gadgets/ifr14ba.html]
[sites.google.com/view/lightspeedfiltersucks/agar-io/__.html]
[sites.google.com/view/lightspeedfiltersucks/agar-io/_https_/images-opensocial.googleusercontent.com/gadgets/ifra12e.html]
[sites.google.com/view/lightspeedfiltersucks/_https_/www.youtube.com/iframe_api___/script_.html]
[sites.google.com/view/lightspeedfiltersucks/_https_/codepen.io/Me-Mee/embed/VwgyZagaa4c.html]
[sites.google.com/view/lightspeedfiltersucks/'https_/codepen.io/Me-Mee/pen/VwgyZag'_here_/a_.html]
[sites.google.com/view/lightspeedfiltersucks/_https_/dotsandboxes.html]
[sites.google.com/view/lightspeedfiltersucks/_.html]
[sites.google.com/view/lightspeedfiltersucks/_https_/quickdraw.withgoogle.html]
[sites.google.com/view/lightspeedfiltersucks/_https_/images-opensocial.googleusercontent.com/gadgets/ifr158a.html]
